200x50, 7 repetitions, seed 1, virtual clock, pacing off
effect               before ms    after ms   speedup
beams                    88.20       80.68    1.093x
binarypath              558.61      553.15    1.010x
blackhole               224.42      216.41    1.037x
bouncyballs             111.40      108.24    1.029x
bubbles                 229.02      215.12    1.065x
burn                    179.87      107.96    1.666x
colorshift              113.92      115.17    0.989x
crumble                 167.62      166.46    1.007x
decrypt                 124.05      120.53    1.029x
errorcorrect            103.60       59.22    1.750x
expand                   81.58       80.13    1.018x
fireworks               213.78      213.27    1.002x
highlight                27.13       25.55    1.062x
laseretch               244.23      157.99    1.546x
matrix                   89.07       70.65    1.261x
middleout                59.57       59.24    1.006x
orbittingvolley          67.19       57.69    1.165x
overflow                 66.42       67.66    0.982x
pour                     75.24       68.04    1.106x
print                    37.79       36.83    1.026x
rain                     93.20       90.46    1.030x
randomsequence           25.18       24.14    1.043x
rings                   428.68      417.43    1.027x
scattered                86.48       86.00    1.006x
slice                    45.26       44.98    1.006x
slide                    56.79       56.51    1.005x
smoke                    75.80       63.77    1.188x
spotlights              107.62       96.21    1.119x
spray                    96.45       95.33    1.012x
swarm                   365.24      340.23    1.073x
sweep                    31.73       29.80    1.065x
synthgrid                46.01       43.17    1.066x
thunderstorm             64.36       56.16    1.146x
unstable                138.75      138.04    1.005x
vhstape                 130.27      129.83    1.003x
waves                    76.05       75.74    1.004x
wipe                     26.89       26.46    1.016x
Median effect speedup: 1.029x
