200x50, 7 repetitions, seed 1, virtual clock, pacing off
effect               before ms    after ms   speedup
beams                    89.72       82.55    1.087x  asm     17.34 ms (4.762x faster than candidate)
binarypath              571.19      563.42    1.014x  asm    196.94 ms (2.861x faster than candidate)
blackhole               264.65      222.88    1.187x  asm     70.80 ms (3.148x faster than candidate)
bouncyballs             120.90      105.32    1.148x  asm     37.93 ms (2.777x faster than candidate)
bubbles                 239.47      214.95    1.114x  asm     58.41 ms (3.680x faster than candidate)
burn                    183.30      109.31    1.677x  asm     34.24 ms (3.192x faster than candidate)
colorshift              141.20      116.53    1.212x  asm     26.75 ms (4.356x faster than candidate)
crumble                 192.01      166.16    1.156x  asm     65.00 ms (2.556x faster than candidate)
decrypt                 124.60      119.66    1.041x  asm     25.49 ms (4.694x faster than candidate)
errorcorrect            114.96       62.44    1.841x  asm     32.15 ms (1.942x faster than candidate)
expand                  112.99       90.59    1.247x  asm     26.60 ms (3.405x faster than candidate)
fireworks               264.20      214.93    1.229x  asm     77.94 ms (2.758x faster than candidate)
highlight                27.12       25.10    1.081x  asm      5.92 ms (4.237x faster than candidate)
laseretch               251.99      155.90    1.616x  asm     72.68 ms (2.145x faster than candidate)
matrix                  104.89       70.40    1.490x  asm     27.64 ms (2.547x faster than candidate)
middleout                59.68       60.51    0.986x  asm     13.61 ms (4.447x faster than candidate)
orbittingvolley          70.37       58.21    1.209x  asm     23.05 ms (2.525x faster than candidate)
overflow                119.17       65.82    1.811x  asm     18.48 ms (3.563x faster than candidate)
pour                     83.02       67.30    1.234x  asm     23.67 ms (2.843x faster than candidate)
print                    39.35       37.16    1.059x  asm     13.87 ms (2.680x faster than candidate)
rain                     99.97       90.82    1.101x  asm     26.55 ms (3.421x faster than candidate)
randomsequence           24.32       23.65    1.028x  asm      6.78 ms (3.490x faster than candidate)
rings                   432.40      420.85    1.027x  asm    122.79 ms (3.427x faster than candidate)
scattered               110.33       88.94    1.240x  asm     35.48 ms (2.507x faster than candidate)
slice                    44.80       43.06    1.040x  asm     10.63 ms (4.053x faster than candidate)
slide                    55.04       55.11    0.999x  asm     18.58 ms (2.967x faster than candidate)
smoke                    74.50       60.81    1.225x  asm     16.50 ms (3.684x faster than candidate)
spotlights              158.71       95.40    1.664x  asm     34.97 ms (2.728x faster than candidate)
spray                    94.92       92.70    1.024x  asm     33.81 ms (2.742x faster than candidate)
swarm                   417.91      343.86    1.215x  asm    109.39 ms (3.144x faster than candidate)
sweep                    31.47       27.94    1.127x  asm      7.48 ms (3.735x faster than candidate)
synthgrid                42.85       40.28    1.064x  asm      8.93 ms (4.513x faster than candidate)
thunderstorm             64.91       56.19    1.155x  asm     20.59 ms (2.730x faster than candidate)
unstable                140.10      139.18    1.007x  asm     43.05 ms (3.233x faster than candidate)
vhstape                 128.67      131.15    0.981x  asm     32.10 ms (4.086x faster than candidate)
waves                    80.32       76.00    1.057x  asm     23.03 ms (3.300x faster than candidate)
wipe                     27.20       26.00    1.046x  asm      5.97 ms (4.353x faster than candidate)
Median effect speedup: 1.127x
