200x50, 7 repetitions, seed 1, virtual clock, pacing off
effect               before ms    after ms   speedup
beams                   204.22      103.77    1.968x  asm     21.01 ms (4.940x faster than candidate)
binarypath              780.32      604.04    1.292x  asm    230.86 ms (2.616x faster than candidate)
blackhole               409.43      288.39    1.420x  asm     79.34 ms (3.635x faster than candidate)
bouncyballs             325.94      140.53    2.319x  asm     43.64 ms (3.220x faster than candidate)
bubbles                 487.27      266.42    1.829x  asm     66.55 ms (4.003x faster than candidate)
burn                    328.58      186.63    1.761x  asm     37.02 ms (5.041x faster than candidate)
colorshift              337.66      149.65    2.256x  asm     27.54 ms (5.433x faster than candidate)
crumble                 295.21      208.41    1.417x  asm     73.18 ms (2.848x faster than candidate)
decrypt                 406.48      131.34    3.095x  asm     26.79 ms (4.903x faster than candidate)
errorcorrect            259.99      111.52    2.331x  asm     31.59 ms (3.531x faster than candidate)
expand                  115.03      103.96    1.106x  asm     24.91 ms (4.174x faster than candidate)
fireworks               332.58      284.13    1.170x  asm     84.15 ms (3.376x faster than candidate)
highlight                49.64       29.48    1.684x  asm      6.26 ms (4.706x faster than candidate)
laseretch               502.89      279.79    1.797x  asm     80.49 ms (3.476x faster than candidate)
matrix                  187.25      133.34    1.404x  asm     33.13 ms (4.025x faster than candidate)
middleout                90.23       66.04    1.366x  asm     14.49 ms (4.558x faster than candidate)
orbittingvolley          95.37       76.74    1.243x  asm     25.76 ms (2.979x faster than candidate)
overflow                122.11      133.56    0.914x  asm     22.51 ms (5.934x faster than candidate)
pour                    228.58       95.89    2.384x  asm     28.69 ms (3.342x faster than candidate)
print                   288.67       41.70    6.922x  asm     14.63 ms (2.850x faster than candidate)
rain                    222.89      117.83    1.892x  asm     31.56 ms (3.734x faster than candidate)
randomsequence           53.38       28.93    1.845x  asm      7.05 ms (4.101x faster than candidate)
rings                   670.99      453.11    1.481x  asm    134.68 ms (3.364x faster than candidate)
scattered               137.34      116.80    1.176x  asm     36.19 ms (3.228x faster than candidate)
slice                    68.63       49.96    1.374x  asm     11.79 ms (4.238x faster than candidate)
slide                    93.65       61.13    1.532x  asm     19.76 ms (3.093x faster than candidate)
smoke                   168.33       89.66    1.877x  asm     19.41 ms (4.621x faster than candidate)
spotlights              287.89      172.16    1.672x  asm     39.11 ms (4.402x faster than candidate)
spray                   167.44      107.52    1.557x  asm     38.76 ms (2.774x faster than candidate)
swarm                   589.79      490.29    1.203x  asm    125.15 ms (3.918x faster than candidate)
sweep                    59.16       40.07    1.476x  asm      8.37 ms (4.786x faster than candidate)
synthgrid               107.20       53.84    1.991x  asm     10.55 ms (5.105x faster than candidate)
thunderstorm            339.24       77.50    4.377x  asm     30.88 ms (2.510x faster than candidate)
unstable                179.51      150.03    1.196x  asm     47.27 ms (3.174x faster than candidate)
vhstape                 209.49      136.63    1.533x  asm     34.97 ms (3.907x faster than candidate)
waves                   444.38       85.13    5.220x  asm     24.93 ms (3.414x faster than candidate)
wipe                     50.90       30.69    1.658x  asm      6.86 ms (4.474x faster than candidate)
Median effect speedup: 1.658x
