200x50, 7 repetitions, seed 1, virtual clock, pacing off
effect               before ms    after ms   speedup
beams                   101.13       99.56    1.016x  asm     19.75 ms (5.041x faster than candidate)
binarypath              583.11      566.10    1.030x  asm    219.07 ms (2.584x faster than candidate)
blackhole               288.85      250.14    1.155x  asm     74.12 ms (3.375x faster than candidate)
bouncyballs             135.62      122.10    1.111x  asm     41.94 ms (2.911x faster than candidate)
bubbles                 259.68      246.11    1.055x  asm     63.01 ms (3.906x faster than candidate)
burn                    184.57      184.64    1.000x  asm     34.33 ms (5.379x faster than candidate)
colorshift              145.69      145.04    1.005x  asm     27.45 ms (5.283x faster than candidate)
crumble                 196.23      174.58    1.124x  asm     68.64 ms (2.543x faster than candidate)
decrypt                 125.98      129.19    0.975x  asm     25.63 ms (5.040x faster than candidate)
errorcorrect            107.74      105.47    1.022x  asm     30.43 ms (3.466x faster than candidate)
expand                  100.59       83.74    1.201x  asm     24.02 ms (3.487x faster than candidate)
fireworks               269.30      217.70    1.237x  asm     79.45 ms (2.740x faster than candidate)
highlight                27.93       26.80    1.042x  asm      6.34 ms (4.225x faster than candidate)
laseretch               273.89      262.92    1.042x  asm     77.34 ms (3.400x faster than candidate)
matrix                  127.58      109.37    1.167x  asm     31.81 ms (3.438x faster than candidate)
middleout                61.32       61.92    0.990x  asm     13.59 ms (4.557x faster than candidate)
orbittingvolley          74.91       71.60    1.046x  asm     23.66 ms (3.027x faster than candidate)
overflow                128.65       84.98    1.514x  asm     21.80 ms (3.899x faster than candidate)
pour                     92.62       81.96    1.130x  asm     25.96 ms (3.157x faster than candidate)
print                    39.87       38.94    1.024x  asm     13.93 ms (2.795x faster than candidate)
rain                    110.48      101.95    1.084x  asm     29.29 ms (3.481x faster than candidate)
randomsequence           27.55       26.46    1.041x  asm      7.33 ms (3.609x faster than candidate)
rings                   430.59      433.81    0.993x  asm    127.01 ms (3.416x faster than candidate)
scattered               110.81       92.25    1.201x  asm     36.95 ms (2.496x faster than candidate)
slice                    57.31       57.18    1.002x  asm     12.57 ms (4.548x faster than candidate)
slide                    67.35       68.40    0.985x  asm     20.21 ms (3.385x faster than candidate)
smoke                    84.87       83.81    1.013x  asm     18.43 ms (4.548x faster than candidate)
spotlights              173.06      133.93    1.292x  asm     42.88 ms (3.123x faster than candidate)
spray                   102.90      101.25    1.016x  asm     36.24 ms (2.794x faster than candidate)
swarm                   469.14      414.68    1.131x  asm    122.10 ms (3.396x faster than candidate)
sweep                    38.52       37.57    1.025x  asm      8.33 ms (4.511x faster than candidate)
synthgrid                53.12       52.88    1.005x  asm     11.38 ms (4.647x faster than candidate)
thunderstorm             74.11       74.56    0.994x  asm     28.17 ms (2.647x faster than candidate)
unstable                144.45      143.37    1.008x  asm     45.26 ms (3.167x faster than candidate)
vhstape                 131.79      135.45    0.973x  asm     32.37 ms (4.184x faster than candidate)
waves                    81.23       76.45    1.062x  asm     22.87 ms (3.343x faster than candidate)
wipe                     27.96       27.81    1.005x  asm      6.33 ms (4.392x faster than candidate)
Median effect speedup: 1.030x
